// Jest Snapshot v1, https://goo.gl/fbAQLP

exports[`renders an Listing Data Sidebar component 1`] = `
<div
  className="ui form"
>
  <header
    className="header pulled"
  >
    <h2>
      Listing
    </h2>
  </header>
  <div
    id="blockform-fieldset-default"
  >
    <div
      className="ui segment form attached"
    >
      <div
        className="mocked-choices-widget"
        id="mocked-field-variation"
      >
        Variation
         - 
        No description
      </div>
      <div
        className="mocked-default-widget"
        id="mocked-field-querystring"
      >
        Query
         - 
        No description
      </div>
    </div>
  </div>
  <div
    className="accordion ui fluid styled form"
  >
    <div
      id="blockform-fieldset-styling"
    >
      <div
        className="active title"
        onClick={[Function]}
      >
        Styling
        <svg
          className="icon"
          dangerouslySetInnerHTML={
            Object {
              "__html": undefined,
            }
          }
          onClick={null}
          style={
            Object {
              "fill": "currentColor",
              "height": "20px",
              "width": "auto",
            }
          }
          viewBox=""
          xmlns=""
        />
      </div>
      <div
        className="content active"
      >
        <div
          aria-hidden={false}
          className="rah-static rah-static--height-auto"
          style={
            Object {
              "height": "auto",
              "overflow": "visible",
            }
          }
        >
          <div
            style={
              Object {
                "WebkitTransition": "opacity 500ms ease 0ms",
                "transition": "opacity 500ms ease 0ms",
              }
            }
          >
            <div
              className="ui segment attached"
            >
              <div
                className="mocked-default-widget"
                id="mocked-field-styles"
              >
                Styling
                 - 
                No description
              </div>
            </div>
          </div>
        </div>
      </div>
    </div>
  </div>
</div>
`;
